// Jest Snapshot v1, https://goo.gl/fbAQLP

exports[`Page Not Found component renders without crashing 1`] = `
<p>
  Page Not Found
</p>
`;
